// Jest Snapshot v1, https://goo.gl/fbAQLP

exports[`EditLibraryAttributes Snapshot test 1`] = `
<div>
  <button
    className="ui medium icon left labeled button"
    disabled={undefined}
    onClick={[Function]}
    role="button"
    tabIndex={undefined}
  >
    <i
      aria-hidden="true"
      className="plus icon"
    />
    
  </button>
  <button
    className="ui medium icon left labeled button"
    disabled={undefined}
    onClick={[Function]}
    role="button"
    tabIndex={undefined}
  >
    <i
      aria-hidden="true"
      className="plus icon"
    />
    
  </button>
  <table
    className="ui selectable striped table"
  >
    <thead
      className=""
    >
      <tr
        className=""
      >
        <th
          className="four wide"
        >
          
        </th>
        <th
          className="four wide"
        >
          
        </th>
        <th
          className="three wide"
        >
          
        </th>
        <th
          className="three wide"
        >
          
        </th>
        <th
          className="one wide"
        >
          
        </th>
        <th
          className="one wide"
        />
      </tr>
    </thead>
    <tbody
      className=""
    />
  </table>
</div>
`;
