// Jest Snapshot v1, https://goo.gl/fbAQLP

exports[`DeleteAttribute Snapshot test 1`] = `
<div
  onClick={[Function]}
>
  <button
    className="ui circular icon button delete"
    disabled={undefined}
    onClick={[Function]}
    role="button"
    tabIndex={undefined}
  >
    <i
      aria-hidden="true"
      className="trash icon"
    />
  </button>
</div>
`;
