// Jest Snapshot v1, https://goo.gl/fbAQLP

exports[`EditLibrary Snapshot test 1`] = `
<div
  className="ui active centered inline loader"
>
  
</div>
`;
