// Jest Snapshot v1, https://goo.gl/fbAQLP

exports[`ConnectorRect Snapshot test 1`] = `
initialize {
  "0": Node {
    "attribs": Object {
      "class": "sc-bdVaJa oaXtU",
      "style": "width:-9.5px",
    },
    "children": Array [],
    "name": "div",
    "namespace": "http://www.w3.org/1999/xhtml",
    "next": null,
    "parent": Node {
      "children": Array [
        [Circular],
      ],
      "name": "root",
      "next": null,
      "parent": null,
      "prev": null,
      "type": "root",
    },
    "prev": null,
    "type": "tag",
    "x-attribsNamespace": Object {
      "class": undefined,
      "style": undefined,
    },
    "x-attribsPrefix": Object {
      "class": undefined,
      "style": undefined,
    },
  },
  "_root": [Circular],
  "length": 1,
  "options": Object {
    "decodeEntities": true,
    "xml": false,
  },
}
`;
