// Jest Snapshot v1, https://goo.gl/fbAQLP

exports[`InputField Snapshot test 1`] = `
initialize {
  "0": Node {
    "attribs": Object {
      "class": "ui fluid input",
    },
    "children": Array [
      Node {
        "attribs": Object {
          "type": "text",
        },
        "children": Array [],
        "name": "input",
        "namespace": "http://www.w3.org/1999/xhtml",
        "next": null,
        "parent": [Circular],
        "prev": null,
        "type": "tag",
        "x-attribsNamespace": Object {
          "type": undefined,
        },
        "x-attribsPrefix": Object {
          "type": undefined,
        },
      },
    ],
    "name": "div",
    "namespace": "http://www.w3.org/1999/xhtml",
    "next": null,
    "parent": Node {
      "children": Array [
        [Circular],
      ],
      "name": "root",
      "next": null,
      "parent": null,
      "prev": null,
      "type": "root",
    },
    "prev": null,
    "type": "tag",
    "x-attribsNamespace": Object {
      "class": undefined,
    },
    "x-attribsPrefix": Object {
      "class": undefined,
    },
  },
  "_root": [Circular],
  "length": 1,
  "options": Object {
    "decodeEntities": true,
    "xml": false,
  },
}
`;
