// Jest Snapshot v1, https://goo.gl/fbAQLP

exports[`AttributesSelection Snapshot test 1`] = `ReactWrapper {}`;
