// Jest Snapshot v1, https://goo.gl/fbAQLP

exports[`Setting Snapshot test 1`] = `
initialize {
  "0": Object {
    "attribs": Object {
      "class": "ui container",
    },
    "children": Array [
      Object {
        "attribs": Object {
          "class": "ui header",
        },
        "children": Array [
          Object {
            "data": "settings.header",
            "next": null,
            "parent": [Circular],
            "prev": null,
            "type": "text",
          },
        ],
        "name": "div",
        "namespace": "http://www.w3.org/1999/xhtml",
        "next": Object {
          "attribs": Object {
            "class": "ui segment",
          },
          "children": Array [
            Object {
              "attribs": Object {
                "aria-expanded": "false",
                "class": "ui fluid selection dropdown",
                "role": "listbox",
                "tabindex": "0",
              },
              "children": Array [
                Object {
                  "attribs": Object {
                    "aria-atomic": "true",
                    "aria-live": "polite",
                    "class": "text",
                    "role": "alert",
                  },
                  "children": Array [],
                  "name": "div",
                  "namespace": "http://www.w3.org/1999/xhtml",
                  "next": Object {
                    "attribs": Object {
                      "aria-hidden": "true",
                      "class": "dropdown icon",
                    },
                    "children": Array [],
                    "name": "i",
                    "namespace": "http://www.w3.org/1999/xhtml",
                    "next": Object {
                      "attribs": Object {
                        "class": "menu transition",
                      },
                      "children": Array [],
                      "name": "div",
                      "namespace": "http://www.w3.org/1999/xhtml",
                      "next": null,
                      "parent": [Circular],
                      "prev": [Circular],
                      "type": "tag",
                      "x-attribsNamespace": Object {
                        "class": undefined,
                      },
                      "x-attribsPrefix": Object {
                        "class": undefined,
                      },
                    },
                    "parent": [Circular],
                    "prev": [Circular],
                    "type": "tag",
                    "x-attribsNamespace": Object {
                      "aria-hidden": undefined,
                      "class": undefined,
                    },
                    "x-attribsPrefix": Object {
                      "aria-hidden": undefined,
                      "class": undefined,
                    },
                  },
                  "parent": [Circular],
                  "prev": null,
                  "type": "tag",
                  "x-attribsNamespace": Object {
                    "aria-atomic": undefined,
                    "aria-live": undefined,
                    "class": undefined,
                    "role": undefined,
                  },
                  "x-attribsPrefix": Object {
                    "aria-atomic": undefined,
                    "aria-live": undefined,
                    "class": undefined,
                    "role": undefined,
                  },
                },
                Object {
                  "attribs": Object {
                    "aria-hidden": "true",
                    "class": "dropdown icon",
                  },
                  "children": Array [],
                  "name": "i",
                  "namespace": "http://www.w3.org/1999/xhtml",
                  "next": Object {
                    "attribs": Object {
                      "class": "menu transition",
                    },
                    "children": Array [],
                    "name": "div",
                    "namespace": "http://www.w3.org/1999/xhtml",
                    "next": null,
                    "parent": [Circular],
                    "prev": [Circular],
                    "type": "tag",
                    "x-attribsNamespace": Object {
                      "class": undefined,
                    },
                    "x-attribsPrefix": Object {
                      "class": undefined,
                    },
                  },
                  "parent": [Circular],
                  "prev": Object {
                    "attribs": Object {
                      "aria-atomic": "true",
                      "aria-live": "polite",
                      "class": "text",
                      "role": "alert",
                    },
                    "children": Array [],
                    "name": "div",
                    "namespace": "http://www.w3.org/1999/xhtml",
                    "next": [Circular],
                    "parent": [Circular],
                    "prev": null,
                    "type": "tag",
                    "x-attribsNamespace": Object {
                      "aria-atomic": undefined,
                      "aria-live": undefined,
                      "class": undefined,
                      "role": undefined,
                    },
                    "x-attribsPrefix": Object {
                      "aria-atomic": undefined,
                      "aria-live": undefined,
                      "class": undefined,
                      "role": undefined,
                    },
                  },
                  "type": "tag",
                  "x-attribsNamespace": Object {
                    "aria-hidden": undefined,
                    "class": undefined,
                  },
                  "x-attribsPrefix": Object {
                    "aria-hidden": undefined,
                    "class": undefined,
                  },
                },
                Object {
                  "attribs": Object {
                    "class": "menu transition",
                  },
                  "children": Array [],
                  "name": "div",
                  "namespace": "http://www.w3.org/1999/xhtml",
                  "next": null,
                  "parent": [Circular],
                  "prev": Object {
                    "attribs": Object {
                      "aria-hidden": "true",
                      "class": "dropdown icon",
                    },
                    "children": Array [],
                    "name": "i",
                    "namespace": "http://www.w3.org/1999/xhtml",
                    "next": [Circular],
                    "parent": [Circular],
                    "prev": Object {
                      "attribs": Object {
                        "aria-atomic": "true",
                        "aria-live": "polite",
                        "class": "text",
                        "role": "alert",
                      },
                      "children": Array [],
                      "name": "div",
                      "namespace": "http://www.w3.org/1999/xhtml",
                      "next": [Circular],
                      "parent": [Circular],
                      "prev": null,
                      "type": "tag",
                      "x-attribsNamespace": Object {
                        "aria-atomic": undefined,
                        "aria-live": undefined,
                        "class": undefined,
                        "role": undefined,
                      },
                      "x-attribsPrefix": Object {
                        "aria-atomic": undefined,
                        "aria-live": undefined,
                        "class": undefined,
                        "role": undefined,
                      },
                    },
                    "type": "tag",
                    "x-attribsNamespace": Object {
                      "aria-hidden": undefined,
                      "class": undefined,
                    },
                    "x-attribsPrefix": Object {
                      "aria-hidden": undefined,
                      "class": undefined,
                    },
                  },
                  "type": "tag",
                  "x-attribsNamespace": Object {
                    "class": undefined,
                  },
                  "x-attribsPrefix": Object {
                    "class": undefined,
                  },
                },
              ],
              "name": "div",
              "namespace": "http://www.w3.org/1999/xhtml",
              "next": null,
              "parent": [Circular],
              "prev": null,
              "type": "tag",
              "x-attribsNamespace": Object {
                "aria-expanded": undefined,
                "class": undefined,
                "role": undefined,
                "tabindex": undefined,
              },
              "x-attribsPrefix": Object {
                "aria-expanded": undefined,
                "class": undefined,
                "role": undefined,
                "tabindex": undefined,
              },
            },
          ],
          "name": "div",
          "namespace": "http://www.w3.org/1999/xhtml",
          "next": null,
          "parent": [Circular],
          "prev": [Circular],
          "type": "tag",
          "x-attribsNamespace": Object {
            "class": undefined,
          },
          "x-attribsPrefix": Object {
            "class": undefined,
          },
        },
        "parent": [Circular],
        "prev": null,
        "type": "tag",
        "x-attribsNamespace": Object {
          "class": undefined,
        },
        "x-attribsPrefix": Object {
          "class": undefined,
        },
      },
      Object {
        "attribs": Object {
          "class": "ui segment",
        },
        "children": Array [
          Object {
            "attribs": Object {
              "aria-expanded": "false",
              "class": "ui fluid selection dropdown",
              "role": "listbox",
              "tabindex": "0",
            },
            "children": Array [
              Object {
                "attribs": Object {
                  "aria-atomic": "true",
                  "aria-live": "polite",
                  "class": "text",
                  "role": "alert",
                },
                "children": Array [],
                "name": "div",
                "namespace": "http://www.w3.org/1999/xhtml",
                "next": Object {
                  "attribs": Object {
                    "aria-hidden": "true",
                    "class": "dropdown icon",
                  },
                  "children": Array [],
                  "name": "i",
                  "namespace": "http://www.w3.org/1999/xhtml",
                  "next": Object {
                    "attribs": Object {
                      "class": "menu transition",
                    },
                    "children": Array [],
                    "name": "div",
                    "namespace": "http://www.w3.org/1999/xhtml",
                    "next": null,
                    "parent": [Circular],
                    "prev": [Circular],
                    "type": "tag",
                    "x-attribsNamespace": Object {
                      "class": undefined,
                    },
                    "x-attribsPrefix": Object {
                      "class": undefined,
                    },
                  },
                  "parent": [Circular],
                  "prev": [Circular],
                  "type": "tag",
                  "x-attribsNamespace": Object {
                    "aria-hidden": undefined,
                    "class": undefined,
                  },
                  "x-attribsPrefix": Object {
                    "aria-hidden": undefined,
                    "class": undefined,
                  },
                },
                "parent": [Circular],
                "prev": null,
                "type": "tag",
                "x-attribsNamespace": Object {
                  "aria-atomic": undefined,
                  "aria-live": undefined,
                  "class": undefined,
                  "role": undefined,
                },
                "x-attribsPrefix": Object {
                  "aria-atomic": undefined,
                  "aria-live": undefined,
                  "class": undefined,
                  "role": undefined,
                },
              },
              Object {
                "attribs": Object {
                  "aria-hidden": "true",
                  "class": "dropdown icon",
                },
                "children": Array [],
                "name": "i",
                "namespace": "http://www.w3.org/1999/xhtml",
                "next": Object {
                  "attribs": Object {
                    "class": "menu transition",
                  },
                  "children": Array [],
                  "name": "div",
                  "namespace": "http://www.w3.org/1999/xhtml",
                  "next": null,
                  "parent": [Circular],
                  "prev": [Circular],
                  "type": "tag",
                  "x-attribsNamespace": Object {
                    "class": undefined,
                  },
                  "x-attribsPrefix": Object {
                    "class": undefined,
                  },
                },
                "parent": [Circular],
                "prev": Object {
                  "attribs": Object {
                    "aria-atomic": "true",
                    "aria-live": "polite",
                    "class": "text",
                    "role": "alert",
                  },
                  "children": Array [],
                  "name": "div",
                  "namespace": "http://www.w3.org/1999/xhtml",
                  "next": [Circular],
                  "parent": [Circular],
                  "prev": null,
                  "type": "tag",
                  "x-attribsNamespace": Object {
                    "aria-atomic": undefined,
                    "aria-live": undefined,
                    "class": undefined,
                    "role": undefined,
                  },
                  "x-attribsPrefix": Object {
                    "aria-atomic": undefined,
                    "aria-live": undefined,
                    "class": undefined,
                    "role": undefined,
                  },
                },
                "type": "tag",
                "x-attribsNamespace": Object {
                  "aria-hidden": undefined,
                  "class": undefined,
                },
                "x-attribsPrefix": Object {
                  "aria-hidden": undefined,
                  "class": undefined,
                },
              },
              Object {
                "attribs": Object {
                  "class": "menu transition",
                },
                "children": Array [],
                "name": "div",
                "namespace": "http://www.w3.org/1999/xhtml",
                "next": null,
                "parent": [Circular],
                "prev": Object {
                  "attribs": Object {
                    "aria-hidden": "true",
                    "class": "dropdown icon",
                  },
                  "children": Array [],
                  "name": "i",
                  "namespace": "http://www.w3.org/1999/xhtml",
                  "next": [Circular],
                  "parent": [Circular],
                  "prev": Object {
                    "attribs": Object {
                      "aria-atomic": "true",
                      "aria-live": "polite",
                      "class": "text",
                      "role": "alert",
                    },
                    "children": Array [],
                    "name": "div",
                    "namespace": "http://www.w3.org/1999/xhtml",
                    "next": [Circular],
                    "parent": [Circular],
                    "prev": null,
                    "type": "tag",
                    "x-attribsNamespace": Object {
                      "aria-atomic": undefined,
                      "aria-live": undefined,
                      "class": undefined,
                      "role": undefined,
                    },
                    "x-attribsPrefix": Object {
                      "aria-atomic": undefined,
                      "aria-live": undefined,
                      "class": undefined,
                      "role": undefined,
                    },
                  },
                  "type": "tag",
                  "x-attribsNamespace": Object {
                    "aria-hidden": undefined,
                    "class": undefined,
                  },
                  "x-attribsPrefix": Object {
                    "aria-hidden": undefined,
                    "class": undefined,
                  },
                },
                "type": "tag",
                "x-attribsNamespace": Object {
                  "class": undefined,
                },
                "x-attribsPrefix": Object {
                  "class": undefined,
                },
              },
            ],
            "name": "div",
            "namespace": "http://www.w3.org/1999/xhtml",
            "next": null,
            "parent": [Circular],
            "prev": null,
            "type": "tag",
            "x-attribsNamespace": Object {
              "aria-expanded": undefined,
              "class": undefined,
              "role": undefined,
              "tabindex": undefined,
            },
            "x-attribsPrefix": Object {
              "aria-expanded": undefined,
              "class": undefined,
              "role": undefined,
              "tabindex": undefined,
            },
          },
        ],
        "name": "div",
        "namespace": "http://www.w3.org/1999/xhtml",
        "next": null,
        "parent": [Circular],
        "prev": Object {
          "attribs": Object {
            "class": "ui header",
          },
          "children": Array [
            Object {
              "data": "settings.header",
              "next": null,
              "parent": [Circular],
              "prev": null,
              "type": "text",
            },
          ],
          "name": "div",
          "namespace": "http://www.w3.org/1999/xhtml",
          "next": [Circular],
          "parent": [Circular],
          "prev": null,
          "type": "tag",
          "x-attribsNamespace": Object {
            "class": undefined,
          },
          "x-attribsPrefix": Object {
            "class": undefined,
          },
        },
        "type": "tag",
        "x-attribsNamespace": Object {
          "class": undefined,
        },
        "x-attribsPrefix": Object {
          "class": undefined,
        },
      },
    ],
    "name": "div",
    "namespace": "http://www.w3.org/1999/xhtml",
    "next": null,
    "parent": null,
    "prev": null,
    "root": Object {
      "attribs": Object {},
      "children": Array [
        [Circular],
      ],
      "name": "root",
      "namespace": "http://www.w3.org/1999/xhtml",
      "next": null,
      "parent": null,
      "prev": null,
      "type": "root",
      "x-attribsNamespace": Object {},
      "x-attribsPrefix": Object {},
    },
    "type": "tag",
    "x-attribsNamespace": Object {
      "class": undefined,
    },
    "x-attribsPrefix": Object {
      "class": undefined,
    },
  },
  "_root": [Circular],
  "length": 1,
  "options": Object {
    "decodeEntities": true,
    "normalizeWhitespace": false,
    "withDomLvl1": true,
    "xml": false,
  },
}
`;
