// Jest Snapshot v1, https://goo.gl/fbAQLP

exports[`ALCInputConnector Snapshot test 1`] = `
initialize {
  "0": Node {
    "attribs": Object {
      "class": "sc-htpNat bOZIUx",
    },
    "children": Array [
      Node {
        "attribs": Object {
          "class": "sc-bdVaJa oaXtU",
          "style": "width:40px",
        },
        "children": Array [],
        "name": "div",
        "namespace": "http://www.w3.org/1999/xhtml",
        "next": Node {
          "attribs": Object {
            "class": "sc-bwzfXH dzZmXD",
          },
          "children": Array [],
          "name": "div",
          "namespace": "http://www.w3.org/1999/xhtml",
          "next": null,
          "parent": [Circular],
          "prev": [Circular],
          "type": "tag",
          "x-attribsNamespace": Object {
            "class": undefined,
          },
          "x-attribsPrefix": Object {
            "class": undefined,
          },
        },
        "parent": [Circular],
        "prev": null,
        "type": "tag",
        "x-attribsNamespace": Object {
          "class": undefined,
          "style": undefined,
        },
        "x-attribsPrefix": Object {
          "class": undefined,
          "style": undefined,
        },
      },
      Node {
        "attribs": Object {
          "class": "sc-bwzfXH dzZmXD",
        },
        "children": Array [],
        "name": "div",
        "namespace": "http://www.w3.org/1999/xhtml",
        "next": null,
        "parent": [Circular],
        "prev": Node {
          "attribs": Object {
            "class": "sc-bdVaJa oaXtU",
            "style": "width:40px",
          },
          "children": Array [],
          "name": "div",
          "namespace": "http://www.w3.org/1999/xhtml",
          "next": [Circular],
          "parent": [Circular],
          "prev": null,
          "type": "tag",
          "x-attribsNamespace": Object {
            "class": undefined,
            "style": undefined,
          },
          "x-attribsPrefix": Object {
            "class": undefined,
            "style": undefined,
          },
        },
        "type": "tag",
        "x-attribsNamespace": Object {
          "class": undefined,
        },
        "x-attribsPrefix": Object {
          "class": undefined,
        },
      },
    ],
    "name": "div",
    "namespace": "http://www.w3.org/1999/xhtml",
    "next": null,
    "parent": Node {
      "children": Array [
        [Circular],
      ],
      "name": "root",
      "next": null,
      "parent": null,
      "prev": null,
      "type": "root",
    },
    "prev": null,
    "type": "tag",
    "x-attribsNamespace": Object {
      "class": undefined,
    },
    "x-attribsPrefix": Object {
      "class": undefined,
    },
  },
  "_root": [Circular],
  "length": 1,
  "options": Object {
    "decodeEntities": true,
    "xml": false,
  },
}
`;
