// Jest Snapshot v1, https://goo.gl/fbAQLP

exports[`AttributeLinkedTree Snapshot test 1`] = `ReactWrapper {}`;
