// Jest Snapshot v1, https://goo.gl/fbAQLP

exports[`DefineTreePermissionsView Snapshot test 1`] = `
initialize {
  "0": Object {
    "attribs": Object {
      "style": "display:flex;flex-direction:row;justify-content:flex-start",
    },
    "children": Array [
      Object {
        "attribs": Object {
          "style": "position:relative;padding-left:1em;width:33%;border-right:1px solid #999999",
        },
        "children": Array [
          Object {
            "attribs": Object {
              "class": "ui active text centered inline loader",
            },
            "children": Array [
              Object {
                "data": "admin.loading",
                "next": null,
                "parent": [Circular],
                "prev": null,
                "type": "text",
              },
            ],
            "name": "div",
            "namespace": "http://www.w3.org/1999/xhtml",
            "next": null,
            "parent": [Circular],
            "prev": null,
            "type": "tag",
            "x-attribsNamespace": Object {
              "class": undefined,
            },
            "x-attribsPrefix": Object {
              "class": undefined,
            },
          },
        ],
        "name": "div",
        "namespace": "http://www.w3.org/1999/xhtml",
        "next": null,
        "parent": [Circular],
        "prev": null,
        "type": "tag",
        "x-attribsNamespace": Object {
          "style": undefined,
        },
        "x-attribsPrefix": Object {
          "style": undefined,
        },
      },
    ],
    "name": "div",
    "namespace": "http://www.w3.org/1999/xhtml",
    "next": null,
    "parent": null,
    "prev": null,
    "root": Object {
      "attribs": Object {},
      "children": Array [
        [Circular],
      ],
      "name": "root",
      "namespace": "http://www.w3.org/1999/xhtml",
      "next": null,
      "parent": null,
      "prev": null,
      "type": "root",
      "x-attribsNamespace": Object {},
      "x-attribsPrefix": Object {},
    },
    "type": "tag",
    "x-attribsNamespace": Object {
      "style": undefined,
    },
    "x-attribsPrefix": Object {
      "style": undefined,
    },
  },
  "_root": [Circular],
  "length": 1,
  "options": Object {
    "decodeEntities": true,
    "normalizeWhitespace": false,
    "withDomLvl1": true,
    "xml": false,
  },
}
`;
