// Jest Snapshot v1, https://goo.gl/fbAQLP

exports[`Trees Snapshot test 1`] = `
<div
  className="ui large header"
>
  <i
    aria-hidden="true"
    className="share alternate icon"
  />
  trees.title
</div>
`;
