// Jest Snapshot v1, https://goo.gl/fbAQLP

exports[`LibrariesSelector Snapshot test 1`] = `
initialize {
  "0": Node {
    "attribs": Object {
      "class": "field",
    },
    "children": Array [
      Node {
        "attribs": Object {
          "aria-expanded": "false",
          "class": "ui search dropdown",
          "lang": "fr",
          "role": "combobox",
        },
        "children": Array [
          Node {
            "attribs": Object {
              "aria-autocomplete": "list",
              "autocomplete": "off",
              "class": "search",
              "tabindex": "0",
              "type": "text",
              "value": "",
            },
            "children": Array [],
            "name": "input",
            "namespace": "http://www.w3.org/1999/xhtml",
            "next": Node {
              "attribs": Object {
                "aria-atomic": "true",
                "aria-live": "polite",
                "class": "text",
                "role": "alert",
              },
              "children": Array [],
              "name": "div",
              "namespace": "http://www.w3.org/1999/xhtml",
              "next": Node {
                "attribs": Object {
                  "aria-hidden": "true",
                  "class": "dropdown icon",
                },
                "children": Array [],
                "name": "i",
                "namespace": "http://www.w3.org/1999/xhtml",
                "next": Node {
                  "attribs": Object {
                    "class": "menu transition",
                    "role": "listbox",
                  },
                  "children": Array [
                    Node {
                      "attribs": Object {
                        "class": "message",
                      },
                      "children": Array [
                        Node {
                          "data": "No results found.",
                          "next": null,
                          "parent": [Circular],
                          "prev": null,
                          "type": "text",
                        },
                      ],
                      "name": "div",
                      "namespace": "http://www.w3.org/1999/xhtml",
                      "next": null,
                      "parent": [Circular],
                      "prev": null,
                      "type": "tag",
                      "x-attribsNamespace": Object {
                        "class": undefined,
                      },
                      "x-attribsPrefix": Object {
                        "class": undefined,
                      },
                    },
                  ],
                  "name": "div",
                  "namespace": "http://www.w3.org/1999/xhtml",
                  "next": null,
                  "parent": [Circular],
                  "prev": [Circular],
                  "type": "tag",
                  "x-attribsNamespace": Object {
                    "class": undefined,
                    "role": undefined,
                  },
                  "x-attribsPrefix": Object {
                    "class": undefined,
                    "role": undefined,
                  },
                },
                "parent": [Circular],
                "prev": [Circular],
                "type": "tag",
                "x-attribsNamespace": Object {
                  "aria-hidden": undefined,
                  "class": undefined,
                },
                "x-attribsPrefix": Object {
                  "aria-hidden": undefined,
                  "class": undefined,
                },
              },
              "parent": [Circular],
              "prev": [Circular],
              "type": "tag",
              "x-attribsNamespace": Object {
                "aria-atomic": undefined,
                "aria-live": undefined,
                "class": undefined,
                "role": undefined,
              },
              "x-attribsPrefix": Object {
                "aria-atomic": undefined,
                "aria-live": undefined,
                "class": undefined,
                "role": undefined,
              },
            },
            "parent": [Circular],
            "prev": null,
            "type": "tag",
            "x-attribsNamespace": Object {
              "aria-autocomplete": undefined,
              "autocomplete": undefined,
              "class": undefined,
              "tabindex": undefined,
              "type": undefined,
              "value": undefined,
            },
            "x-attribsPrefix": Object {
              "aria-autocomplete": undefined,
              "autocomplete": undefined,
              "class": undefined,
              "tabindex": undefined,
              "type": undefined,
              "value": undefined,
            },
          },
          Node {
            "attribs": Object {
              "aria-atomic": "true",
              "aria-live": "polite",
              "class": "text",
              "role": "alert",
            },
            "children": Array [],
            "name": "div",
            "namespace": "http://www.w3.org/1999/xhtml",
            "next": Node {
              "attribs": Object {
                "aria-hidden": "true",
                "class": "dropdown icon",
              },
              "children": Array [],
              "name": "i",
              "namespace": "http://www.w3.org/1999/xhtml",
              "next": Node {
                "attribs": Object {
                  "class": "menu transition",
                  "role": "listbox",
                },
                "children": Array [
                  Node {
                    "attribs": Object {
                      "class": "message",
                    },
                    "children": Array [
                      Node {
                        "data": "No results found.",
                        "next": null,
                        "parent": [Circular],
                        "prev": null,
                        "type": "text",
                      },
                    ],
                    "name": "div",
                    "namespace": "http://www.w3.org/1999/xhtml",
                    "next": null,
                    "parent": [Circular],
                    "prev": null,
                    "type": "tag",
                    "x-attribsNamespace": Object {
                      "class": undefined,
                    },
                    "x-attribsPrefix": Object {
                      "class": undefined,
                    },
                  },
                ],
                "name": "div",
                "namespace": "http://www.w3.org/1999/xhtml",
                "next": null,
                "parent": [Circular],
                "prev": [Circular],
                "type": "tag",
                "x-attribsNamespace": Object {
                  "class": undefined,
                  "role": undefined,
                },
                "x-attribsPrefix": Object {
                  "class": undefined,
                  "role": undefined,
                },
              },
              "parent": [Circular],
              "prev": [Circular],
              "type": "tag",
              "x-attribsNamespace": Object {
                "aria-hidden": undefined,
                "class": undefined,
              },
              "x-attribsPrefix": Object {
                "aria-hidden": undefined,
                "class": undefined,
              },
            },
            "parent": [Circular],
            "prev": Node {
              "attribs": Object {
                "aria-autocomplete": "list",
                "autocomplete": "off",
                "class": "search",
                "tabindex": "0",
                "type": "text",
                "value": "",
              },
              "children": Array [],
              "name": "input",
              "namespace": "http://www.w3.org/1999/xhtml",
              "next": [Circular],
              "parent": [Circular],
              "prev": null,
              "type": "tag",
              "x-attribsNamespace": Object {
                "aria-autocomplete": undefined,
                "autocomplete": undefined,
                "class": undefined,
                "tabindex": undefined,
                "type": undefined,
                "value": undefined,
              },
              "x-attribsPrefix": Object {
                "aria-autocomplete": undefined,
                "autocomplete": undefined,
                "class": undefined,
                "tabindex": undefined,
                "type": undefined,
                "value": undefined,
              },
            },
            "type": "tag",
            "x-attribsNamespace": Object {
              "aria-atomic": undefined,
              "aria-live": undefined,
              "class": undefined,
              "role": undefined,
            },
            "x-attribsPrefix": Object {
              "aria-atomic": undefined,
              "aria-live": undefined,
              "class": undefined,
              "role": undefined,
            },
          },
          Node {
            "attribs": Object {
              "aria-hidden": "true",
              "class": "dropdown icon",
            },
            "children": Array [],
            "name": "i",
            "namespace": "http://www.w3.org/1999/xhtml",
            "next": Node {
              "attribs": Object {
                "class": "menu transition",
                "role": "listbox",
              },
              "children": Array [
                Node {
                  "attribs": Object {
                    "class": "message",
                  },
                  "children": Array [
                    Node {
                      "data": "No results found.",
                      "next": null,
                      "parent": [Circular],
                      "prev": null,
                      "type": "text",
                    },
                  ],
                  "name": "div",
                  "namespace": "http://www.w3.org/1999/xhtml",
                  "next": null,
                  "parent": [Circular],
                  "prev": null,
                  "type": "tag",
                  "x-attribsNamespace": Object {
                    "class": undefined,
                  },
                  "x-attribsPrefix": Object {
                    "class": undefined,
                  },
                },
              ],
              "name": "div",
              "namespace": "http://www.w3.org/1999/xhtml",
              "next": null,
              "parent": [Circular],
              "prev": [Circular],
              "type": "tag",
              "x-attribsNamespace": Object {
                "class": undefined,
                "role": undefined,
              },
              "x-attribsPrefix": Object {
                "class": undefined,
                "role": undefined,
              },
            },
            "parent": [Circular],
            "prev": Node {
              "attribs": Object {
                "aria-atomic": "true",
                "aria-live": "polite",
                "class": "text",
                "role": "alert",
              },
              "children": Array [],
              "name": "div",
              "namespace": "http://www.w3.org/1999/xhtml",
              "next": [Circular],
              "parent": [Circular],
              "prev": Node {
                "attribs": Object {
                  "aria-autocomplete": "list",
                  "autocomplete": "off",
                  "class": "search",
                  "tabindex": "0",
                  "type": "text",
                  "value": "",
                },
                "children": Array [],
                "name": "input",
                "namespace": "http://www.w3.org/1999/xhtml",
                "next": [Circular],
                "parent": [Circular],
                "prev": null,
                "type": "tag",
                "x-attribsNamespace": Object {
                  "aria-autocomplete": undefined,
                  "autocomplete": undefined,
                  "class": undefined,
                  "tabindex": undefined,
                  "type": undefined,
                  "value": undefined,
                },
                "x-attribsPrefix": Object {
                  "aria-autocomplete": undefined,
                  "autocomplete": undefined,
                  "class": undefined,
                  "tabindex": undefined,
                  "type": undefined,
                  "value": undefined,
                },
              },
              "type": "tag",
              "x-attribsNamespace": Object {
                "aria-atomic": undefined,
                "aria-live": undefined,
                "class": undefined,
                "role": undefined,
              },
              "x-attribsPrefix": Object {
                "aria-atomic": undefined,
                "aria-live": undefined,
                "class": undefined,
                "role": undefined,
              },
            },
            "type": "tag",
            "x-attribsNamespace": Object {
              "aria-hidden": undefined,
              "class": undefined,
            },
            "x-attribsPrefix": Object {
              "aria-hidden": undefined,
              "class": undefined,
            },
          },
          Node {
            "attribs": Object {
              "class": "menu transition",
              "role": "listbox",
            },
            "children": Array [
              Node {
                "attribs": Object {
                  "class": "message",
                },
                "children": Array [
                  Node {
                    "data": "No results found.",
                    "next": null,
                    "parent": [Circular],
                    "prev": null,
                    "type": "text",
                  },
                ],
                "name": "div",
                "namespace": "http://www.w3.org/1999/xhtml",
                "next": null,
                "parent": [Circular],
                "prev": null,
                "type": "tag",
                "x-attribsNamespace": Object {
                  "class": undefined,
                },
                "x-attribsPrefix": Object {
                  "class": undefined,
                },
              },
            ],
            "name": "div",
            "namespace": "http://www.w3.org/1999/xhtml",
            "next": null,
            "parent": [Circular],
            "prev": Node {
              "attribs": Object {
                "aria-hidden": "true",
                "class": "dropdown icon",
              },
              "children": Array [],
              "name": "i",
              "namespace": "http://www.w3.org/1999/xhtml",
              "next": [Circular],
              "parent": [Circular],
              "prev": Node {
                "attribs": Object {
                  "aria-atomic": "true",
                  "aria-live": "polite",
                  "class": "text",
                  "role": "alert",
                },
                "children": Array [],
                "name": "div",
                "namespace": "http://www.w3.org/1999/xhtml",
                "next": [Circular],
                "parent": [Circular],
                "prev": Node {
                  "attribs": Object {
                    "aria-autocomplete": "list",
                    "autocomplete": "off",
                    "class": "search",
                    "tabindex": "0",
                    "type": "text",
                    "value": "",
                  },
                  "children": Array [],
                  "name": "input",
                  "namespace": "http://www.w3.org/1999/xhtml",
                  "next": [Circular],
                  "parent": [Circular],
                  "prev": null,
                  "type": "tag",
                  "x-attribsNamespace": Object {
                    "aria-autocomplete": undefined,
                    "autocomplete": undefined,
                    "class": undefined,
                    "tabindex": undefined,
                    "type": undefined,
                    "value": undefined,
                  },
                  "x-attribsPrefix": Object {
                    "aria-autocomplete": undefined,
                    "autocomplete": undefined,
                    "class": undefined,
                    "tabindex": undefined,
                    "type": undefined,
                    "value": undefined,
                  },
                },
                "type": "tag",
                "x-attribsNamespace": Object {
                  "aria-atomic": undefined,
                  "aria-live": undefined,
                  "class": undefined,
                  "role": undefined,
                },
                "x-attribsPrefix": Object {
                  "aria-atomic": undefined,
                  "aria-live": undefined,
                  "class": undefined,
                  "role": undefined,
                },
              },
              "type": "tag",
              "x-attribsNamespace": Object {
                "aria-hidden": undefined,
                "class": undefined,
              },
              "x-attribsPrefix": Object {
                "aria-hidden": undefined,
                "class": undefined,
              },
            },
            "type": "tag",
            "x-attribsNamespace": Object {
              "class": undefined,
              "role": undefined,
            },
            "x-attribsPrefix": Object {
              "class": undefined,
              "role": undefined,
            },
          },
        ],
        "name": "div",
        "namespace": "http://www.w3.org/1999/xhtml",
        "next": null,
        "parent": [Circular],
        "prev": null,
        "type": "tag",
        "x-attribsNamespace": Object {
          "aria-expanded": undefined,
          "class": undefined,
          "lang": undefined,
          "role": undefined,
        },
        "x-attribsPrefix": Object {
          "aria-expanded": undefined,
          "class": undefined,
          "lang": undefined,
          "role": undefined,
        },
      },
    ],
    "name": "div",
    "namespace": "http://www.w3.org/1999/xhtml",
    "next": null,
    "parent": Node {
      "children": Array [
        [Circular],
      ],
      "name": "root",
      "next": null,
      "parent": null,
      "prev": null,
      "type": "root",
    },
    "prev": null,
    "type": "tag",
    "x-attribsNamespace": Object {
      "class": undefined,
    },
    "x-attribsPrefix": Object {
      "class": undefined,
    },
  },
  "_root": [Circular],
  "length": 1,
  "options": Object {
    "decodeEntities": true,
    "xml": false,
  },
}
`;
