// Jest Snapshot v1, https://goo.gl/fbAQLP

exports[`AttributeLinkedLibrary Snapshot test 1`] = `ReactWrapper {}`;
